// Jest Snapshot v1, https://goo.gl/fbAQLP

exports[`TodoItem Default smoke-test 1`] = `
<div class="MuiBox-root css-mkpezx">
  <div>
    <h6 class="MuiTypography-root MuiTypography-h6 css-1miy0lu-MuiTypography-root">
      タイトル
    </h6>
    <p class="MuiTypography-root MuiTypography-body2 css-1a1whku-MuiTypography-root">
      本文
    </p>
    <button class="MuiButtonBase-root MuiButton-root MuiButton-outlined MuiButton-outlinedSecondary MuiButton-sizeMedium MuiButton-outlinedSizeMedium MuiButton-colorSecondary MuiButton-root MuiButton-outlined MuiButton-outlinedSecondary MuiButton-sizeMedium MuiButton-outlinedSizeMedium MuiButton-colorSecondary css-1x6kmiy-MuiButtonBase-root-MuiButton-root"
            tabindex="0"
            type="button"
            data-testid="delete-task-button-タイトル"
    >
      Delete
    </button>
  </div>
</div>
`;
